/bin/sh: 1: python: not found
/bin/sh: 1: python: not found
/bin/sh: 1: python: not found
Traceback (most recent call last):
  File "/app/send_ai_news.py", line 23, in <module>
    assert all([NEWS_KEY, GEMINI_KEY, TG_TOKEN, TG_CHAT, SMTP_USER, SMTP_PASS, EMAIL_TO]), "[env] 값이 빠졌습니다!"
           ^^^^^^^^^^^^^^^^^^^^^^^^^^^^^^^^^^^^^^^^^^^^^^^^^^^^^^^^^^^^^^^^^^^^^^^^^^^^^^
AssertionError: [env] 값이 빠졌습니다!
Traceback (most recent call last):
  File "/app/send_ai_news.py", line 23, in <module>
    assert all([NEWS_KEY, GEMINI_KEY, TG_TOKEN, TG_CHAT, SMTP_USER, SMTP_PASS, EMAIL_TO]), "[env] 값이 빠졌습니다!"
           ^^^^^^^^^^^^^^^^^^^^^^^^^^^^^^^^^^^^^^^^^^^^^^^^^^^^^^^^^^^^^^^^^^^^^^^^^^^^^^
AssertionError: [env] 값이 빠졌습니다!
Traceback (most recent call last):
  File "/app/send_ai_news.py", line 23, in <module>
    assert all([NEWS_KEY, GEMINI_KEY, TG_TOKEN, TG_CHAT, SMTP_USER, SMTP_PASS, EMAIL_TO]), "[env] 값이 빠졌습니다!"
           ^^^^^^^^^^^^^^^^^^^^^^^^^^^^^^^^^^^^^^^^^^^^^^^^^^^^^^^^^^^^^^^^^^^^^^^^^^^^^^
AssertionError: [env] 값이 빠졌습니다!
Traceback (most recent call last):
  File "/app/send_ai_news.py", line 23, in <module>
    assert all([NEWS_KEY, GEMINI_KEY, TG_TOKEN, TG_CHAT, SMTP_USER, SMTP_PASS, EMAIL_TO]), "[env] 값이 빠졌습니다!"
           ^^^^^^^^^^^^^^^^^^^^^^^^^^^^^^^^^^^^^^^^^^^^^^^^^^^^^^^^^^^^^^^^^^^^^^^^^^^^^^
AssertionError: [env] 값이 빠졌습니다!
[메일] 전송 완료 → woairi@gmail.com
[텔레그램] 전송 결과: 200
[메일] 전송 완료 → woairi@gmail.com
[텔레그램] 전송 결과: 200
[메일] 전송 완료 → woairi@gmail.com
[텔레그램] 전송 결과: 200
[메일] 전송 완료 → woairi@gmail.com
[텔레그램] 전송 결과: 400
{"ok":false,"error_code":400,"description":"Bad Request: message is too long"}
[메일] 전송 완료 → woairi@gmail.com
[텔레그램] 전송 결과: 200
[메일] 전송 완료 → woairi@gmail.com
[텔레그램] 전송 결과: 200
[메일] 전송 완료 → woairi@gmail.com
[텔레그램] 전송 결과: 200
[메일] 전송 완료 → woairi@gmail.com
[텔레그램] 전송 결과: 200
[메일] 전송 완료 → woairi@gmail.com
[텔레그램] 전송 결과: 200
[메일] 전송 완료 → woairi@gmail.com
[텔레그램] 전송 결과: 200
[메일] 전송 완료 → woairi@gmail.com
[텔레그램] 전송 결과: 200
[메일] 전송 완료 → woairi@gmail.com
[텔레그램] 전송 결과: 200
[메일] 전송 완료 → woairi@gmail.com
[텔레그램] 전송 결과: 200
[메일] 전송 완료 → woairi@gmail.com
[텔레그램] 전송 결과: 200
[메일] 전송 완료 → woairi@gmail.com
[텔레그램] 전송 결과: 200
[메일] 전송 완료 → woairi@gmail.com
[텔레그램] 전송 결과: 200
[메일] 전송 완료 → woairi@gmail.com
[텔레그램] 전송 결과: 200
[메일] 전송 완료 → woairi@gmail.com
[텔레그램] 전송 결과: 200
[메일] 전송 완료 → woairi@gmail.com
[텔레그램] 전송 결과: 200
[메일] 전송 완료 → woairi@gmail.com
[텔레그램] 전송 결과: 200
[메일] 전송 완료 → woairi@gmail.com
[텔레그램] 전송 결과: 200
[메일] 전송 완료 → woairi@gmail.com
[텔레그램] 전송 결과: 200
[메일] 전송 완료 → woairi@gmail.com
[텔레그램] 전송 결과: 200
[메일] 전송 완료 → woairi@gmail.com
[텔레그램] 전송 결과: 200
[메일] 전송 완료 → woairi@gmail.com
[텔레그램] 전송 결과: 200
[메일] 전송 완료 → woairi@gmail.com
[텔레그램] 전송 결과: 200
[메일] 전송 완료 → woairi@gmail.com
[텔레그램] 전송 결과: 200
[메일] 전송 완료 → woairi@gmail.com
[텔레그램] 전송 결과: 200
[메일] 전송 완료 → woairi@gmail.com
[텔레그램] 전송 결과: 200
[메일] 전송 완료 → woairi@gmail.com
[텔레그램] 전송 결과: 200
[메일] 전송 완료 → woairi@gmail.com
[텔레그램] 전송 결과: 200
[메일] 전송 완료 → woairi@gmail.com
[텔레그램] 전송 결과: 200
[메일] 전송 완료 → woairi@gmail.com
[텔레그램] 전송 결과: 200
[메일] 전송 완료 → woairi@gmail.com
[텔레그램] 전송 결과: 200
[메일] 전송 완료 → woairi@gmail.com
[텔레그램] 전송 결과: 400
{"ok":false,"error_code":400,"description":"Bad Request: message is too long"}
[메일] 전송 완료 → woairi@gmail.com
[텔레그램] 전송 결과: 200
[메일] 전송 완료 → woairi@gmail.com
[텔레그램] 전송 결과: 200
[메일] 전송 완료 → woairi@gmail.com
[텔레그램] 전송 결과: 200
[메일] 전송 완료 → woairi@gmail.com
[텔레그램] 전송 결과: 200
[메일] 전송 완료 → woairi@gmail.com
[텔레그램] 전송 결과: 200
[메일] 전송 완료 → woairi@gmail.com
[텔레그램] 전송 결과: 200
[메일] 전송 완료 → woairi@gmail.com
[텔레그램] 전송 결과: 200
[메일] 전송 완료 → woairi@gmail.com
[텔레그램] 전송 결과: 200
[메일] 전송 완료 → woairi@gmail.com
[텔레그램] 전송 결과: 200
[메일] 전송 완료 → woairi@gmail.com
[텔레그램] 전송 결과: 200
[메일] 전송 완료 → woairi@gmail.com
[텔레그램] 전송 결과: 200
[메일] 전송 완료 → woairi@gmail.com
[텔레그램] 전송 결과: 200
[메일] 전송 완료 → woairi@gmail.com
[텔레그램] 전송 결과: 200
[1/5] 뉴스 수집 중...
[2/5] AI 요약 생성 중...
[3/5] 데이터베이스 저장 중...
[4/5] 이메일 전송 중...
[메일] 전송 완료 → woairi@gmail.com
[5/5] 텔레그램 전송 중...
[텔레그램] 전송 완료: 200
[1/5] 뉴스 수집 중...
[2/5] AI 요약 생성 중...
[3/5] 데이터베이스 저장 중...
[4/5] 이메일 전송 중...
[메일] 전송 완료 → woairi@gmail.com
[5/5] 텔레그램 전송 중...
[오류] 오류 발생: 400 Client Error: Bad Request for url: https://api.telegram.org/bot8283853111:AAEw1tUFCIYWSzXWsncG3b1rf8JoKg3Cgtg/sendMessage
[1/5] 뉴스 수집 중...
[2/5] AI 요약 생성 중...
[3/5] 데이터베이스 저장 중...
[4/5] 이메일 전송 중...
[메일] 전송 완료 → woairi@gmail.com
[5/5] 텔레그램 전송 중...
[오류] 오류 발생: 400 Client Error: Bad Request for url: https://api.telegram.org/bot8283853111:AAEw1tUFCIYWSzXWsncG3b1rf8JoKg3Cgtg/sendMessage
[1/5] 뉴스 수집 중...
[2/5] AI 요약 생성 중...
[3/5] 데이터베이스 저장 중...
[4/5] 이메일 전송 중...
[메일] 전송 완료 → woairi@gmail.com
[5/5] 텔레그램 전송 중...
[텔레그램] 전송 완료: 200
[1/5] 뉴스 수집 중...
[2/5] AI 요약 생성 중...
[3/5] 데이터베이스 저장 중...
[4/5] 이메일 전송 중...
[메일] 전송 완료 → woairi@gmail.com
[5/5] 텔레그램 전송 중...
[텔레그램] 전송 완료: 200
[1/5] 뉴스 수집 중...
[2/5] AI 요약 생성 중...
[3/5] 데이터베이스 저장 중...
[4/5] 이메일 전송 중...
[메일] 전송 완료 → woairi@gmail.com
[5/5] 텔레그램 전송 중...
[텔레그램] 전송 완료: 200
[1/5] 뉴스 수집 중...
[2/5] AI 요약 생성 중...
[3/5] 데이터베이스 저장 중...
[4/5] 이메일 전송 중...
[메일] 전송 완료 → woairi@gmail.com
[5/5] 텔레그램 전송 중...
[텔레그램] 전송 완료: 200
[1/5] 뉴스 수집 중...
[2/5] AI 요약 생성 중...
[3/5] 데이터베이스 저장 중...
[4/5] 이메일 전송 중...
[메일] 전송 완료 → woairi@gmail.com
[5/5] 텔레그램 전송 중...
[텔레그램] 전송 완료: 200
[1/5] 뉴스 수집 중...
[2/5] AI 요약 생성 중...
[3/5] 데이터베이스 저장 중...
[4/5] 이메일 전송 중...
[메일] 전송 완료 → woairi@gmail.com
[5/5] 텔레그램 전송 중...
[텔레그램] 전송 완료: 200
[1/5] 뉴스 수집 중...
[2/5] AI 요약 생성 중...
[3/5] 데이터베이스 저장 중...
[4/5] 이메일 전송 중...
[메일] 전송 완료 → woairi@gmail.com
[5/5] 텔레그램 전송 중...
[텔레그램] 전송 완료: 200
[1/5] 뉴스 수집 중...
[2/5] AI 요약 생성 중...
[3/5] 데이터베이스 저장 중...
[4/5] 이메일 전송 중...
[메일] 전송 완료 → woairi@gmail.com
[5/5] 텔레그램 전송 중...
[텔레그램] 전송 완료: 200
[1/5] 뉴스 수집 중...
[2/5] AI 요약 생성 중...
[3/5] 데이터베이스 저장 중...
[4/5] 이메일 전송 중...
[메일] 전송 완료 → woairi@gmail.com
[5/5] 텔레그램 전송 중...
[텔레그램] 전송 완료: 200
[1/5] 뉴스 수집 중...
[2/5] AI 요약 생성 중...
[3/5] 데이터베이스 저장 중...
[4/5] 이메일 전송 중...
[메일] 전송 완료 → woairi@gmail.com
[5/5] 텔레그램 전송 중...
[텔레그램] 전송 완료: 200
[1/5] 뉴스 수집 중...
[2/5] AI 요약 생성 중...
[3/5] 데이터베이스 저장 중...
[4/5] 이메일 전송 중...
[메일] 전송 완료 → woairi@gmail.com
[5/5] 텔레그램 전송 중...
[오류] 오류 발생: 400 Client Error: Bad Request for url: https://api.telegram.org/bot8283853111:AAEw1tUFCIYWSzXWsncG3b1rf8JoKg3Cgtg/sendMessage
[1/5] 뉴스 수집 중...
[2/5] AI 요약 생성 중...
[3/5] 데이터베이스 저장 중...
[4/5] 이메일 전송 중...
[메일] 전송 완료 → woairi@gmail.com
[5/5] 텔레그램 전송 중...
[오류] 오류 발생: 400 Client Error: Bad Request for url: https://api.telegram.org/bot8283853111:AAEw1tUFCIYWSzXWsncG3b1rf8JoKg3Cgtg/sendMessage
[1/5] 뉴스 수집 중...
[2/5] AI 요약 생성 중...
[3/5] 데이터베이스 저장 중...
[4/5] 이메일 전송 중...
[메일] 전송 완료 → woairi@gmail.com
[5/5] 텔레그램 전송 중...
[텔레그램] 전송 완료: 200
[1/5] 뉴스 수집 중...
[2/5] AI 요약 생성 중...
[3/5] 데이터베이스 저장 중...
[4/5] 이메일 전송 중...
[메일] 전송 완료 → woairi@gmail.com
[5/5] 텔레그램 전송 중...
[텔레그램] 전송 완료: 200
[1/5] 뉴스 수집 중...
[2/5] AI 요약 생성 중...
[3/5] 데이터베이스 저장 중...
[4/5] 이메일 전송 중...
[메일] 전송 완료 → woairi@gmail.com
[5/5] 텔레그램 전송 중...
[텔레그램] 전송 완료: 200
[1/5] 뉴스 수집 중...
[2/5] AI 요약 생성 중...
[3/5] 데이터베이스 저장 중...
[4/5] 이메일 전송 중...
[메일] 전송 완료 → woairi@gmail.com
[5/5] 텔레그램 전송 중...
[텔레그램] 전송 완료: 200
[1/5] 뉴스 수집 중...
[2/5] AI 요약 생성 중...
[3/5] 데이터베이스 저장 중...
[4/5] 이메일 전송 중...
[메일] 전송 완료 → woairi@gmail.com
[5/5] 텔레그램 전송 중...
[텔레그램] 전송 완료: 200
[1/5] 뉴스 수집 중...
[2/5] AI 요약 생성 중...
[3/5] 데이터베이스 저장 중...
[4/5] 이메일 전송 중...
[메일] 전송 완료 → woairi@gmail.com
[5/5] 텔레그램 전송 중...
[텔레그램] 전송 완료: 200
[1/5] 뉴스 수집 중...
[2/5] AI 요약 생성 중...
[3/5] 데이터베이스 저장 중...
[4/5] 이메일 전송 중...
[메일] 전송 완료 → woairi@gmail.com
[5/5] 텔레그램 전송 중...
[텔레그램] 전송 완료: 200
[1/5] 뉴스 수집 중...
[2/5] AI 요약 생성 중...
[3/5] 데이터베이스 저장 중...
[4/5] 이메일 전송 중...
[메일] 전송 완료 → woairi@gmail.com
[5/5] 텔레그램 전송 중...
[텔레그램] 전송 완료: 200
[1/5] 뉴스 수집 중...
[2/5] AI 요약 생성 중...
[3/5] 데이터베이스 저장 중...
[4/5] 이메일 전송 중...
[메일] 전송 완료 → woairi@gmail.com
[5/5] 텔레그램 전송 중...
[텔레그램] 전송 완료: 200
[1/5] 뉴스 수집 중...
[2/5] AI 요약 생성 중...
[3/5] 데이터베이스 저장 중...
[4/5] 이메일 전송 중...
[메일] 전송 완료 → woairi@gmail.com
[5/5] 텔레그램 전송 중...
[텔레그램] 전송 완료: 200
[1/5] 뉴스 수집 중...
[2/5] AI 요약 생성 중...
[3/5] 데이터베이스 저장 중...
[4/5] 이메일 전송 중...
[메일] 전송 완료 → woairi@gmail.com
[5/5] 텔레그램 전송 중...
[텔레그램] 전송 완료: 200
[1/5] 뉴스 수집 중...
[2/5] AI 요약 생성 중...
[3/5] 데이터베이스 저장 중...
[4/5] 이메일 전송 중...
[메일] 전송 완료 → woairi@gmail.com
[5/5] 텔레그램 전송 중...
[텔레그램] 전송 완료: 200
[1/5] 뉴스 수집 중...
[2/5] AI 요약 생성 중...
[3/5] 데이터베이스 저장 중...
[4/5] 이메일 전송 중...
[메일] 전송 완료 → woairi@gmail.com
[5/5] 텔레그램 전송 중...
[텔레그램] 전송 완료: 200
[1/5] 뉴스 수집 중...
[2/5] AI 요약 생성 중...
[3/5] 데이터베이스 저장 중...
[4/5] 이메일 전송 중...
[메일] 전송 완료 → woairi@gmail.com
[5/5] 텔레그램 전송 중...
[오류] 오류 발생: 400 Client Error: Bad Request for url: https://api.telegram.org/bot8283853111:AAEw1tUFCIYWSzXWsncG3b1rf8JoKg3Cgtg/sendMessage
[1/5] 뉴스 수집 중...
[2/5] AI 요약 생성 중...
[3/5] 데이터베이스 저장 중...
[4/5] 이메일 전송 중...
[메일] 전송 완료 → woairi@gmail.com
[5/5] 텔레그램 전송 중...
[텔레그램] 전송 완료: 200
[1/5] 뉴스 수집 중...
[2/5] AI 요약 생성 중...
[3/5] 데이터베이스 저장 중...
[4/5] 이메일 전송 중...
[메일] 전송 완료 → woairi@gmail.com
[5/5] 텔레그램 전송 중...
[텔레그램] 전송 완료: 200
[1/5] 뉴스 수집 중...
[2/5] AI 요약 생성 중...
[3/5] 데이터베이스 저장 중...
[4/5] 이메일 전송 중...
[메일] 전송 완료 → woairi@gmail.com
[5/5] 텔레그램 전송 중...
[텔레그램] 전송 완료: 200
[1/5] 뉴스 수집 중...
[2/5] AI 요약 생성 중...
[3/5] 데이터베이스 저장 중...
[4/5] 이메일 전송 중...
[메일] 전송 완료 → woairi@gmail.com
[5/5] 텔레그램 전송 중...
[텔레그램] 전송 완료: 200
[1/5] 뉴스 수집 중...
[2/5] AI 요약 생성 중...
[3/5] 데이터베이스 저장 중...
[4/5] 이메일 전송 중...
[메일] 전송 완료 → woairi@gmail.com
[5/5] 텔레그램 전송 중...
[오류] 오류 발생: 400 Client Error: Bad Request for url: https://api.telegram.org/bot8283853111:AAEw1tUFCIYWSzXWsncG3b1rf8JoKg3Cgtg/sendMessage
[1/5] 뉴스 수집 중...
[2/5] AI 요약 생성 중...
[3/5] 데이터베이스 저장 중...
[4/5] 이메일 전송 중...
[메일] 전송 완료 → woairi@gmail.com
[5/5] 텔레그램 전송 중...
[오류] 오류 발생: 400 Client Error: Bad Request for url: https://api.telegram.org/bot8283853111:AAEw1tUFCIYWSzXWsncG3b1rf8JoKg3Cgtg/sendMessage
[1/5] 뉴스 수집 중...
[2/5] AI 요약 생성 중...
[3/5] 데이터베이스 저장 중...
[4/5] 이메일 전송 중...
[메일] 전송 완료 → woairi@gmail.com
[5/5] 텔레그램 전송 중...
[텔레그램] 전송 완료: 200
[1/5] 뉴스 수집 중...
[2/5] AI 요약 생성 중...
[3/5] 데이터베이스 저장 중...
[4/5] 이메일 전송 중...
[메일] 전송 완료 → woairi@gmail.com
[5/5] 텔레그램 전송 중...
[텔레그램] 전송 완료: 200
[1/5] 뉴스 수집 중...
[2/5] AI 요약 생성 중...
[3/5] 데이터베이스 저장 중...
[4/5] 이메일 전송 중...
[메일] 전송 완료 → woairi@gmail.com
[5/5] 텔레그램 전송 중...
[텔레그램] 전송 완료: 200
[1/5] 뉴스 수집 중...
[2/5] AI 요약 생성 중...
[3/5] 데이터베이스 저장 중...
[4/5] 이메일 전송 중...
[메일] 전송 완료 → woairi@gmail.com
[5/5] 텔레그램 전송 중...
[텔레그램] 전송 완료: 200
[1/5] 뉴스 수집 중...
[2/5] AI 요약 생성 중...
[3/5] 데이터베이스 저장 중...
[4/5] 이메일 전송 중...
[메일] 전송 완료 → woairi@gmail.com
[5/5] 텔레그램 전송 중...
[텔레그램] 전송 완료: 200
[1/5] 뉴스 수집 중...
[2/5] AI 요약 생성 중...
[3/5] 데이터베이스 저장 중...
[4/5] 이메일 전송 중...
[메일] 전송 완료 → woairi@gmail.com
[5/5] 텔레그램 전송 중...
[텔레그램] 전송 완료: 200
[1/5] 뉴스 수집 중...
[2/5] AI 요약 생성 중...
[3/5] 데이터베이스 저장 중...
[4/5] 이메일 전송 중...
[메일] 전송 완료 → woairi@gmail.com
[5/5] 텔레그램 전송 중...
[텔레그램] 전송 완료: 200
[1/5] 뉴스 수집 중...
[2/5] AI 요약 생성 중...
[3/5] 데이터베이스 저장 중...
[4/5] 이메일 전송 중...
[메일] 전송 완료 → woairi@gmail.com
[5/5] 텔레그램 전송 중...
[오류] 오류 발생: 400 Client Error: Bad Request for url: https://api.telegram.org/bot8283853111:AAEw1tUFCIYWSzXWsncG3b1rf8JoKg3Cgtg/sendMessage
[1/5] 뉴스 수집 중...
[2/5] AI 요약 생성 중...
[3/5] 데이터베이스 저장 중...
[4/5] 이메일 전송 중...
[메일] 전송 완료 → woairi@gmail.com
[5/5] 텔레그램 전송 중...
[오류] 오류 발생: 400 Client Error: Bad Request for url: https://api.telegram.org/bot8283853111:AAEw1tUFCIYWSzXWsncG3b1rf8JoKg3Cgtg/sendMessage
[1/5] 뉴스 수집 중...
[2/5] AI 요약 생성 중...
[3/5] 데이터베이스 저장 중...
[4/5] 이메일 전송 중...
[메일] 전송 완료 → woairi@gmail.com
[5/5] 텔레그램 전송 중...
[텔레그램] 전송 완료: 200
[1/5] 뉴스 수집 중...
[2/5] AI 요약 생성 중...
[3/5] 데이터베이스 저장 중...
[4/5] 이메일 전송 중...
[메일] 전송 완료 → woairi@gmail.com
[5/5] 텔레그램 전송 중...
[텔레그램] 전송 완료: 200
[1/5] 뉴스 수집 중...
[2/5] AI 요약 생성 중...
[3/5] 데이터베이스 저장 중...
[4/5] 이메일 전송 중...
[메일] 전송 완료 → woairi@gmail.com
[5/5] 텔레그램 전송 중...
[오류] 오류 발생: 400 Client Error: Bad Request for url: https://api.telegram.org/bot8283853111:AAEw1tUFCIYWSzXWsncG3b1rf8JoKg3Cgtg/sendMessage
[1/5] 뉴스 수집 중...
[2/5] AI 요약 생성 중...
[3/5] 데이터베이스 저장 중...
[4/5] 이메일 전송 중...
[메일] 전송 완료 → woairi@gmail.com
[5/5] 텔레그램 전송 중...
[오류] 오류 발생: 400 Client Error: Bad Request for url: https://api.telegram.org/bot8283853111:AAEw1tUFCIYWSzXWsncG3b1rf8JoKg3Cgtg/sendMessage
[1/5] 뉴스 수집 중...
[2/5] AI 요약 생성 중...
[3/5] 데이터베이스 저장 중...
[4/5] 이메일 전송 중...
[메일] 전송 완료 → woairi@gmail.com
[5/5] 텔레그램 전송 중...
[텔레그램] 전송 완료: 200
[1/5] 뉴스 수집 중...
[2/5] AI 요약 생성 중...
[3/5] 데이터베이스 저장 중...
[4/5] 이메일 전송 중...
[메일] 전송 완료 → woairi@gmail.com
[5/5] 텔레그램 전송 중...
[텔레그램] 전송 완료: 200
[1/5] 뉴스 수집 중...
[2/5] AI 요약 생성 중...
[3/5] 데이터베이스 저장 중...
[4/5] 이메일 전송 중...
[메일] 전송 완료 → woairi@gmail.com
[5/5] 텔레그램 전송 중...
[텔레그램] 전송 완료: 200
[1/5] 뉴스 수집 중...
[2/5] AI 요약 생성 중...
[3/5] 데이터베이스 저장 중...
[4/5] 이메일 전송 중...
[메일] 전송 완료 → woairi@gmail.com
[5/5] 텔레그램 전송 중...
[오류] 오류 발생: 400 Client Error: Bad Request for url: https://api.telegram.org/bot8283853111:AAEw1tUFCIYWSzXWsncG3b1rf8JoKg3Cgtg/sendMessage
[1/5] 뉴스 수집 중...
[2/5] AI 요약 생성 중...
[3/5] 데이터베이스 저장 중...
[4/5] 이메일 전송 중...
[메일] 전송 완료 → woairi@gmail.com
[5/5] 텔레그램 전송 중...
[오류] 오류 발생: 400 Client Error: Bad Request for url: https://api.telegram.org/bot8283853111:AAEw1tUFCIYWSzXWsncG3b1rf8JoKg3Cgtg/sendMessage
[1/5] 뉴스 수집 중...
[2/5] AI 요약 생성 중...
[3/5] 데이터베이스 저장 중...
[4/5] 이메일 전송 중...
[메일] 전송 완료 → woairi@gmail.com
[5/5] 텔레그램 전송 중...
[오류] 오류 발생: 400 Client Error: Bad Request for url: https://api.telegram.org/bot8283853111:AAEw1tUFCIYWSzXWsncG3b1rf8JoKg3Cgtg/sendMessage
[1/5] 뉴스 수집 중...
[2/5] AI 요약 생성 중...
[3/5] 데이터베이스 저장 중...
[4/5] 이메일 전송 중...
[메일] 전송 완료 → woairi@gmail.com
[5/5] 텔레그램 전송 중...
[텔레그램] 전송 완료: 200
[1/5] 뉴스 수집 중...
[2/5] AI 요약 생성 중...
[3/5] 데이터베이스 저장 중...
[4/5] 이메일 전송 중...
[메일] 전송 완료 → woairi@gmail.com
[5/5] 텔레그램 전송 중...
[텔레그램] 전송 완료: 200
[1/5] 뉴스 수집 중...
[2/5] AI 요약 생성 중...
[3/5] 데이터베이스 저장 중...
[4/5] 이메일 전송 중...
[메일] 전송 완료 → woairi@gmail.com
[5/5] 텔레그램 전송 중...
[텔레그램] 전송 완료: 200
[1/5] 뉴스 수집 중...
[2/5] AI 요약 생성 중...
[3/5] 데이터베이스 저장 중...
[4/5] 이메일 전송 중...
[메일] 전송 완료 → woairi@gmail.com
[5/5] 텔레그램 전송 중...
[텔레그램] 전송 완료: 200
[1/5] 뉴스 수집 중...
[2/5] AI 요약 생성 중...
[3/5] 데이터베이스 저장 중...
[4/5] 이메일 전송 중...
[메일] 전송 완료 → woairi@gmail.com
[5/5] 텔레그램 전송 중...
[텔레그램] 전송 완료: 200
[1/5] 뉴스 수집 중...
[2/5] AI 요약 생성 중...
[3/5] 데이터베이스 저장 중...
[4/5] 이메일 전송 중...
[메일] 전송 완료 → woairi@gmail.com
[5/5] 텔레그램 전송 중...
[텔레그램] 전송 완료: 200
[1/5] 뉴스 수집 중...
[2/5] AI 요약 생성 중...
[3/5] 데이터베이스 저장 중...
[4/5] 이메일 전송 중...
[메일] 전송 완료 → woairi@gmail.com
[5/5] 텔레그램 전송 중...
[텔레그램] 전송 완료: 200
[1/7] AI 뉴스 수집 중...
[2/7] AI 요약 생성 중...
[3/7] DatacenterDynamics 기사 수집 중...
[정보] DatacenterDynamics 기사 19건 수집
[4/7] DatacenterDynamics 요약 생성 중...
[5/7] 데이터베이스 저장 중...
[6/7] 이메일 전송 중...
[메일] 전송 완료 → woairi@gmail.com
[7/7] 텔레그램 전송 중...
[텔레그램] 전송 완료: 200
[1/7] AI 뉴스 수집 중...
[2/7] AI 요약 생성 중...
[3/7] DatacenterDynamics 기사 수집 중...
[정보] DatacenterDynamics 기사 9건 수집
[4/7] DatacenterDynamics 요약 생성 중...
[5/7] 데이터베이스 저장 중...
[6/7] 이메일 전송 중...
[메일] 전송 완료 → woairi@gmail.com
[7/7] 텔레그램 전송 중...
[텔레그램] 전송 완료: 200
[1/7] AI 뉴스 수집 중...
[2/7] AI 요약 생성 중...
[3/7] DatacenterDynamics 기사 수집 중...
[정보] DatacenterDynamics 기사 12건 수집
[4/7] DatacenterDynamics 요약 생성 중...
[5/7] 데이터베이스 저장 중...
[6/7] 이메일 전송 중...
[메일] 전송 완료 → woairi@gmail.com
[7/7] 텔레그램 전송 중...
[텔레그램] 전송 완료: 200
[1/7] AI 뉴스 수집 중...
[2/7] AI 요약 생성 중...
[3/7] DatacenterDynamics 기사 수집 중...
[정보] DatacenterDynamics 기사 10건 수집
[4/7] DatacenterDynamics 요약 생성 중...
[5/7] 데이터베이스 저장 중...
[6/7] 이메일 전송 중...
[메일] 전송 완료 → woairi@gmail.com
[7/7] 텔레그램 전송 중...
[텔레그램] 전송 완료: 200
[1/7] AI 뉴스 수집 중...
[2/7] AI 요약 생성 중...
[3/7] DatacenterDynamics 기사 수집 중...
[정보] DatacenterDynamics 기사 9건 수집
[4/7] DatacenterDynamics 요약 생성 중...
[5/7] 데이터베이스 저장 중...
[6/7] 이메일 전송 중...
[메일] 전송 완료 → woairi@gmail.com
[7/7] 텔레그램 전송 중...
[텔레그램] 전송 완료: 200
[1/7] AI 뉴스 수집 중...
[2/7] AI 요약 생성 중...
[3/7] DatacenterDynamics 기사 수집 중...
[정보] DatacenterDynamics 기사 0건 수집
[4/7] DatacenterDynamics 요약 생성 중...
[5/7] 데이터베이스 저장 중...
[6/7] 이메일 전송 중...
[메일] 전송 완료 → woairi@gmail.com
[7/7] 텔레그램 전송 중...
[텔레그램] 전송 완료: 200
[1/7] AI 뉴스 수집 중...
[2/7] AI 요약 생성 중...
[3/7] DatacenterDynamics 기사 수집 중...
[정보] DatacenterDynamics 기사 0건 수집
[4/7] DatacenterDynamics 요약 생성 중...
[5/7] 데이터베이스 저장 중...
[6/7] 이메일 전송 중...
[메일] 전송 완료 → woairi@gmail.com
[7/7] 텔레그램 전송 중...
[텔레그램] 전송 완료: 200
[1/7] AI 뉴스 수집 중...
[2/7] AI 요약 생성 중...
[3/7] DatacenterDynamics 기사 수집 중...
[정보] DatacenterDynamics 기사 10건 수집
[4/7] DatacenterDynamics 요약 생성 중...
[5/7] 데이터베이스 저장 중...
[6/7] 이메일 전송 중...
[메일] 전송 완료 → woairi@gmail.com
[7/7] 텔레그램 전송 중...
[텔레그램] 전송 완료: 200
[1/7] AI 뉴스 수집 중...
[2/7] AI 요약 생성 중...
[3/7] DatacenterDynamics 기사 수집 중...
[정보] DatacenterDynamics 기사 11건 수집
[4/7] DatacenterDynamics 요약 생성 중...
[5/7] 데이터베이스 저장 중...
[6/7] 이메일 전송 중...
[메일] 전송 완료 → woairi@gmail.com
[7/7] 텔레그램 전송 중...
[텔레그램] 전송 완료: 200
[1/7] AI 뉴스 수집 중...
[2/7] AI 요약 생성 중...
[3/7] DatacenterDynamics 기사 수집 중...
[정보] DatacenterDynamics 기사 15건 수집
[4/7] DatacenterDynamics 요약 생성 중...
[5/7] 데이터베이스 저장 중...
[6/7] 이메일 전송 중...
[메일] 전송 완료 → woairi@gmail.com
[7/7] 텔레그램 전송 중...
[텔레그램] 전송 완료: 200
[1/7] AI 뉴스 수집 중...
[2/7] AI 요약 생성 중...
[3/7] DatacenterDynamics 기사 수집 중...
[정보] DatacenterDynamics 기사 12건 수집
[4/7] DatacenterDynamics 요약 생성 중...
[5/7] 데이터베이스 저장 중...
[6/7] 이메일 전송 중...
[메일] 전송 완료 → woairi@gmail.com
[7/7] 텔레그램 전송 중...
[텔레그램] 전송 완료: 200
[1/7] AI 뉴스 수집 중...
[2/7] AI 요약 생성 중...
[3/7] DatacenterDynamics 기사 수집 중...
[정보] DatacenterDynamics 기사 13건 수집
[4/7] DatacenterDynamics 요약 생성 중...
[5/7] 데이터베이스 저장 중...
[6/7] 이메일 전송 중...
[메일] 전송 완료 → woairi@gmail.com
[7/7] 텔레그램 전송 중...
[텔레그램] 전송 완료: 200
[1/7] AI 뉴스 수집 중...
[2/7] AI 요약 생성 중...
[3/7] DatacenterDynamics 기사 수집 중...
[정보] DatacenterDynamics 기사 0건 수집
[4/7] DatacenterDynamics 요약 생성 중...
[5/7] 데이터베이스 저장 중...
[6/7] 이메일 전송 중...
[메일] 전송 완료 → woairi@gmail.com
[7/7] 텔레그램 전송 중...
[텔레그램] 전송 완료: 200
[1/7] AI 뉴스 수집 중...
[2/7] AI 요약 생성 중...
[3/7] DatacenterDynamics 기사 수집 중...
[정보] DatacenterDynamics 기사 0건 수집
[4/7] DatacenterDynamics 요약 생성 중...
[5/7] 데이터베이스 저장 중...
[6/7] 이메일 전송 중...
[메일] 전송 완료 → woairi@gmail.com
[7/7] 텔레그램 전송 중...
[텔레그램] 전송 완료: 200
[1/7] AI 뉴스 수집 중...
[2/7] AI 요약 생성 중...
[3/7] DatacenterDynamics 기사 수집 중...
[정보] DatacenterDynamics 기사 12건 수집
[4/7] DatacenterDynamics 요약 생성 중...
[5/7] 데이터베이스 저장 중...
[6/7] 이메일 전송 중...
[메일] 전송 완료 → woairi@gmail.com
[7/7] 텔레그램 전송 중...
[텔레그램] 전송 완료: 200
[1/7] AI 뉴스 수집 중...
[2/7] AI 요약 생성 중...
[3/7] DatacenterDynamics 기사 수집 중...
[정보] DatacenterDynamics 기사 16건 수집
[4/7] DatacenterDynamics 요약 생성 중...
[5/7] 데이터베이스 저장 중...
[6/7] 이메일 전송 중...
[메일] 전송 완료 → woairi@gmail.com
[7/7] 텔레그램 전송 중...
[텔레그램] 전송 완료: 200
[1/7] AI 뉴스 수집 중...
[2/7] AI 요약 생성 중...
[3/7] DatacenterDynamics 기사 수집 중...
[정보] DatacenterDynamics 기사 14건 수집
[4/7] DatacenterDynamics 요약 생성 중...
[5/7] 데이터베이스 저장 중...
[6/7] 이메일 전송 중...
[메일] 전송 완료 → woairi@gmail.com
[7/7] 텔레그램 전송 중...
[텔레그램] 전송 완료: 200
[1/7] AI 뉴스 수집 중...
[2/7] AI 요약 생성 중...
[오류] 오류 발생: 429 RESOURCE_EXHAUSTED. {'error': {'code': 429, 'message': 'Resource has been exhausted (e.g. check quota).', 'status': 'RESOURCE_EXHAUSTED'}}
[1/7] AI 뉴스 수집 중...
[2/7] AI 요약 생성 중...
[3/7] DatacenterDynamics 기사 수집 중...
[정보] DatacenterDynamics 기사 18건 수집
[4/7] DatacenterDynamics 요약 생성 중...
[5/7] 데이터베이스 저장 중...
[6/7] 이메일 전송 중...
[메일] 전송 완료 → woairi@gmail.com
[7/7] 텔레그램 전송 중...
[텔레그램] 전송 완료: 200
[1/7] AI 뉴스 수집 중...
[2/7] AI 요약 생성 중...
[3/7] DatacenterDynamics 기사 수집 중...
[정보] DatacenterDynamics 기사 2건 수집
[4/7] DatacenterDynamics 요약 생성 중...
[5/7] 데이터베이스 저장 중...
[6/7] 이메일 전송 중...
[메일] 전송 완료 → woairi@gmail.com
[7/7] 텔레그램 전송 중...
[텔레그램] 전송 완료: 200
[1/7] AI 뉴스 수집 중...
[2/7] AI 요약 생성 중...
[3/7] DatacenterDynamics 기사 수집 중...
[정보] DatacenterDynamics 기사 1건 수집
[4/7] DatacenterDynamics 요약 생성 중...
[5/7] 데이터베이스 저장 중...
[6/7] 이메일 전송 중...
[메일] 전송 완료 → woairi@gmail.com
[7/7] 텔레그램 전송 중...
[텔레그램] 전송 완료: 200
[1/7] AI 뉴스 수집 중...
[2/7] AI 요약 생성 중...
[3/7] DatacenterDynamics 기사 수집 중...
[정보] DatacenterDynamics 기사 20건 수집
[4/7] DatacenterDynamics 요약 생성 중...
[5/7] 데이터베이스 저장 중...
[6/7] 이메일 전송 중...
[메일] 전송 완료 → woairi@gmail.com
[7/7] 텔레그램 전송 중...
[텔레그램] 전송 완료: 200
[1/7] AI 뉴스 수집 중...
[2/7] AI 요약 생성 중...
[3/7] DatacenterDynamics 기사 수집 중...
[정보] DatacenterDynamics 기사 15건 수집
[4/7] DatacenterDynamics 요약 생성 중...
[5/7] 데이터베이스 저장 중...
[6/7] 이메일 전송 중...
[메일] 전송 완료 → woairi@gmail.com
[7/7] 텔레그램 전송 중...
[텔레그램] 전송 완료: 200
[1/7] AI 뉴스 수집 중...
[2/7] AI 요약 생성 중...
[3/7] DatacenterDynamics 기사 수집 중...
[정보] DatacenterDynamics 기사 9건 수집
[4/7] DatacenterDynamics 요약 생성 중...
[5/7] 데이터베이스 저장 중...
[6/7] 이메일 전송 중...
[메일] 전송 완료 → woairi@gmail.com
[7/7] 텔레그램 전송 중...
[텔레그램] 전송 완료: 200
[1/7] AI 뉴스 수집 중...
[2/7] AI 요약 생성 중...
[3/7] DatacenterDynamics 기사 수집 중...
[정보] DatacenterDynamics 기사 5건 수집
[4/7] DatacenterDynamics 요약 생성 중...
[5/7] 데이터베이스 저장 중...
[6/7] 이메일 전송 중...
[메일] 전송 완료 → woairi@gmail.com
[7/7] 텔레그램 전송 중...
[텔레그램] 전송 완료: 200
[1/7] AI 뉴스 수집 중...
[2/7] AI 요약 생성 중...
[3/7] DatacenterDynamics 기사 수집 중...
[정보] DatacenterDynamics 기사 11건 수집
[4/7] DatacenterDynamics 요약 생성 중...
[5/7] 데이터베이스 저장 중...
[6/7] 이메일 전송 중...
[메일] 전송 완료 → woairi@gmail.com
[7/7] 텔레그램 전송 중...
[텔레그램] 전송 완료: 200
[1/7] AI 뉴스 수집 중...
[2/7] AI 요약 생성 중...
[3/7] DatacenterDynamics 기사 수집 중...
[정보] DatacenterDynamics 기사 0건 수집
[4/7] DatacenterDynamics 요약 생성 중...
[5/7] 데이터베이스 저장 중...
[6/7] 이메일 전송 중...
[메일] 전송 완료 → woairi@gmail.com
[7/7] 텔레그램 전송 중...
[텔레그램] 전송 완료: 200
[1/7] AI 뉴스 수집 중...
[2/7] AI 요약 생성 중...
[3/7] DatacenterDynamics 기사 수집 중...
[정보] DatacenterDynamics 기사 0건 수집
[4/7] DatacenterDynamics 요약 생성 중...
[5/7] 데이터베이스 저장 중...
[6/7] 이메일 전송 중...
[메일] 전송 완료 → woairi@gmail.com
[7/7] 텔레그램 전송 중...
[텔레그램] 전송 완료: 200
[1/7] AI 뉴스 수집 중...
[2/7] AI 요약 생성 중...
[3/7] DatacenterDynamics 기사 수집 중...
[정보] DatacenterDynamics 기사 4건 수집
[4/7] DatacenterDynamics 요약 생성 중...
[5/7] 데이터베이스 저장 중...
[6/7] 이메일 전송 중...
[메일] 전송 완료 → woairi@gmail.com
[7/7] 텔레그램 전송 중...
[텔레그램] 전송 완료: 200
[1/7] AI 뉴스 수집 중...
[2/7] AI 요약 생성 중...
[3/7] DatacenterDynamics 기사 수집 중...
[정보] DatacenterDynamics 기사 12건 수집
[4/7] DatacenterDynamics 요약 생성 중...
[5/7] 데이터베이스 저장 중...
[6/7] 이메일 전송 중...
[메일] 전송 완료 → woairi@gmail.com
[7/7] 텔레그램 전송 중...
[텔레그램] 전송 완료: 200
[1/7] AI 뉴스 수집 중...
[2/7] AI 요약 생성 중...
[3/7] DatacenterDynamics 기사 수집 중...
[정보] DatacenterDynamics 기사 15건 수집
[4/7] DatacenterDynamics 요약 생성 중...
[5/7] 데이터베이스 저장 중...
[6/7] 이메일 전송 중...
[메일] 전송 완료 → woairi@gmail.com
[7/7] 텔레그램 전송 중...
[텔레그램] 전송 완료: 200
[1/7] AI 뉴스 수집 중...
[2/7] AI 요약 생성 중...
[3/7] DatacenterDynamics 기사 수집 중...
[정보] DatacenterDynamics 기사 8건 수집
[4/7] DatacenterDynamics 요약 생성 중...
[5/7] 데이터베이스 저장 중...
[6/7] 이메일 전송 중...
[메일] 전송 완료 → woairi@gmail.com
[7/7] 텔레그램 전송 중...
[텔레그램] 전송 완료: 200
[1/7] AI 뉴스 수집 중...
[2/7] AI 요약 생성 중...
[3/7] DatacenterDynamics 기사 수집 중...
[정보] DatacenterDynamics 기사 11건 수집
[4/7] DatacenterDynamics 요약 생성 중...
[5/7] 데이터베이스 저장 중...
[6/7] 이메일 전송 중...
[메일] 전송 완료 → woairi@gmail.com
[7/7] 텔레그램 전송 중...
[텔레그램] 전송 완료: 200
[1/7] AI 뉴스 수집 중...
[2/7] AI 요약 생성 중...
[3/7] DatacenterDynamics 기사 수집 중...
[정보] DatacenterDynamics 기사 0건 수집
[4/7] DatacenterDynamics 요약 생성 중...
[5/7] 데이터베이스 저장 중...
[6/7] 이메일 전송 중...
[메일] 전송 완료 → woairi@gmail.com
[7/7] 텔레그램 전송 중...
[텔레그램] 전송 완료: 200
[1/7] AI 뉴스 수집 중...
[2/7] AI 요약 생성 중...
[3/7] DatacenterDynamics 기사 수집 중...
[정보] DatacenterDynamics 기사 0건 수집
[4/7] DatacenterDynamics 요약 생성 중...
[5/7] 데이터베이스 저장 중...
[6/7] 이메일 전송 중...
[메일] 전송 완료 → woairi@gmail.com
[7/7] 텔레그램 전송 중...
[텔레그램] 전송 완료: 200
[1/7] AI 뉴스 수집 중...
[2/7] AI 요약 생성 중...
[3/7] DatacenterDynamics 기사 수집 중...
[정보] DatacenterDynamics 기사 7건 수집
[4/7] DatacenterDynamics 요약 생성 중...
[5/7] 데이터베이스 저장 중...
[6/7] 이메일 전송 중...
[메일] 전송 완료 → woairi@gmail.com
[7/7] 텔레그램 전송 중...
[텔레그램] 전송 완료: 200
[1/7] AI 뉴스 수집 중...
[2/7] AI 요약 생성 중...
[3/7] DatacenterDynamics 기사 수집 중...
[정보] DatacenterDynamics 기사 14건 수집
[4/7] DatacenterDynamics 요약 생성 중...
[5/7] 데이터베이스 저장 중...
[6/7] 이메일 전송 중...
[메일] 전송 완료 → woairi@gmail.com
[7/7] 텔레그램 전송 중...
[텔레그램] 전송 완료: 200
[1/7] AI 뉴스 수집 중...
[2/7] AI 요약 생성 중...
[3/7] DatacenterDynamics 기사 수집 중...
[정보] DatacenterDynamics 기사 8건 수집
[4/7] DatacenterDynamics 요약 생성 중...
[5/7] 데이터베이스 저장 중...
[6/7] 이메일 전송 중...
[메일] 전송 완료 → woairi@gmail.com
[7/7] 텔레그램 전송 중...
[텔레그램] 전송 완료: 200
[1/7] AI 뉴스 수집 중...
[2/7] AI 요약 생성 중...
[3/7] DatacenterDynamics 기사 수집 중...
[정보] DatacenterDynamics 기사 9건 수집
[4/7] DatacenterDynamics 요약 생성 중...
[5/7] 데이터베이스 저장 중...
[6/7] 이메일 전송 중...
[메일] 전송 완료 → woairi@gmail.com
[7/7] 텔레그램 전송 중...
[텔레그램] 전송 완료: 200
[1/7] AI 뉴스 수집 중...
[2/7] AI 요약 생성 중...
[3/7] DatacenterDynamics 기사 수집 중...
[정보] DatacenterDynamics 기사 12건 수집
[4/7] DatacenterDynamics 요약 생성 중...
[5/7] 데이터베이스 저장 중...
[6/7] 이메일 전송 중...
[메일] 전송 완료 → woairi@gmail.com
[7/7] 텔레그램 전송 중...
[텔레그램] 전송 완료: 200
[1/7] AI 뉴스 수집 중...
[2/7] AI 요약 생성 중...
[3/7] DatacenterDynamics 기사 수집 중...
[정보] DatacenterDynamics 기사 0건 수집
[4/7] DatacenterDynamics 요약 생성 중...
[5/7] 데이터베이스 저장 중...
[6/7] 이메일 전송 중...
[메일] 전송 완료 → woairi@gmail.com
[7/7] 텔레그램 전송 중...
[텔레그램] 전송 완료: 200
[1/7] AI 뉴스 수집 중...
[2/7] AI 요약 생성 중...
[3/7] DatacenterDynamics 기사 수집 중...
[정보] DatacenterDynamics 기사 0건 수집
[4/7] DatacenterDynamics 요약 생성 중...
[5/7] 데이터베이스 저장 중...
[6/7] 이메일 전송 중...
[메일] 전송 완료 → woairi@gmail.com
[7/7] 텔레그램 전송 중...
[텔레그램] 전송 완료: 200
[1/7] AI 뉴스 수집 중...
[2/7] AI 요약 생성 중...
[3/7] DatacenterDynamics 기사 수집 중...
[정보] DatacenterDynamics 기사 8건 수집
[4/7] DatacenterDynamics 요약 생성 중...
[5/7] 데이터베이스 저장 중...
[6/7] 이메일 전송 중...
[메일] 전송 완료 → woairi@gmail.com
[7/7] 텔레그램 전송 중...
[텔레그램] 전송 완료: 200
[1/7] AI 뉴스 수집 중... (키워드: SAF OR (Methanol AND Ship))
[2/7] AI 요약 생성 중...
[3/7] DatacenterDynamics 기사 수집 중...
[정보] DatacenterDynamics 기사 13건 수집
[4/7] DatacenterDynamics 요약 생성 중...
[5/7] 데이터베이스 저장 중...
[6/7] 이메일 전송 중...
[메일] 전송 완료 → woairi@gmail.com
[7/7] 텔레그램 전송 중...
[텔레그램] 전송 완료: 200
[1/7] AI 뉴스 수집 중... (키워드: SAF OR (Methanol AND Ship))
[2/7] AI 요약 생성 중...
[3/7] DatacenterDynamics 기사 수집 중...
[정보] DatacenterDynamics 기사 11건 수집
[4/7] DatacenterDynamics 요약 생성 중...
[5/7] 데이터베이스 저장 중...
[6/7] 이메일 전송 중...
[메일] 전송 완료 → woairi@gmail.com
[7/7] 텔레그램 전송 중...
[텔레그램] 전송 완료: 200
[1/7] AI 뉴스 수집 중... (키워드: SAF OR (Methanol AND Ship))
[2/7] AI 요약 생성 중...
[3/7] DatacenterDynamics 기사 수집 중...
[정보] DatacenterDynamics 기사 9건 수집
[4/7] DatacenterDynamics 요약 생성 중...
[5/7] 데이터베이스 저장 중...
[6/7] 이메일 전송 중...
[메일] 전송 완료 → woairi@gmail.com
[7/7] 텔레그램 전송 중...
[텔레그램] 전송 완료: 200
[1/7] AI 뉴스 수집 중... (키워드: SAF OR (Methanol AND Ship))
[2/7] AI 요약 생성 중...
[3/7] DatacenterDynamics 기사 수집 중...
[정보] DatacenterDynamics 기사 12건 수집
[4/7] DatacenterDynamics 요약 생성 중...
[5/7] 데이터베이스 저장 중...
[6/7] 이메일 전송 중...
[메일] 전송 완료 → woairi@gmail.com
[7/7] 텔레그램 전송 중...
[텔레그램] 전송 완료: 200
[1/7] AI 뉴스 수집 중... (키워드: SAF OR (Methanol AND Ship))
[2/7] AI 요약 생성 중...
[3/7] DatacenterDynamics 기사 수집 중...
[정보] DatacenterDynamics 기사 0건 수집
[4/7] DatacenterDynamics 요약 생성 중...
[5/7] 데이터베이스 저장 중...
[6/7] 이메일 전송 중...
[메일] 전송 완료 → woairi@gmail.com
[7/7] 텔레그램 전송 중...
[텔레그램] 전송 완료: 200
[1/7] AI 뉴스 수집 중... (키워드: SAF OR (Methanol AND Ship))
[2/7] AI 요약 생성 중...
[3/7] DatacenterDynamics 기사 수집 중...
[정보] DatacenterDynamics 기사 0건 수집
[4/7] DatacenterDynamics 요약 생성 중...
[5/7] 데이터베이스 저장 중...
[6/7] 이메일 전송 중...
[메일] 전송 완료 → woairi@gmail.com
[7/7] 텔레그램 전송 중...
[텔레그램] 전송 완료: 200
[1/7] AI 뉴스 수집 중... (키워드: SAF OR (Methanol AND Ship))
[2/7] AI 요약 생성 중...
[3/7] DatacenterDynamics 기사 수집 중...
[정보] DatacenterDynamics 기사 4건 수집
[4/7] DatacenterDynamics 요약 생성 중...
[5/7] 데이터베이스 저장 중...
[6/7] 이메일 전송 중...
[메일] 전송 완료 → woairi@gmail.com
[7/7] 텔레그램 전송 중...
[텔레그램] 전송 완료: 200
[1/7] AI 뉴스 수집 중... (키워드: SAF OR (Methanol AND Ship))
[2/7] AI 요약 생성 중...
[3/7] DatacenterDynamics 기사 수집 중...
[정보] DatacenterDynamics 기사 2건 수집
[4/7] DatacenterDynamics 요약 생성 중...
[5/7] 데이터베이스 저장 중...
[6/7] 이메일 전송 중...
[메일] 전송 완료 → woairi@gmail.com
[7/7] 텔레그램 전송 중...
[텔레그램] 전송 완료: 200
[1/7] AI 뉴스 수집 중... (키워드: SAF OR (Methanol AND Ship))
[2/7] AI 요약 생성 중...
[3/7] DatacenterDynamics 기사 수집 중...
[정보] DatacenterDynamics 기사 2건 수집
[4/7] DatacenterDynamics 요약 생성 중...
[5/7] 데이터베이스 저장 중...
[6/7] 이메일 전송 중...
[메일] 전송 완료 → woairi@gmail.com
[7/7] 텔레그램 전송 중...
[텔레그램] 전송 완료: 200
[1/7] AI 뉴스 수집 중... (키워드: SAF OR (Methanol AND Ship))
[2/7] AI 요약 생성 중...
[3/7] DatacenterDynamics 기사 수집 중...
[정보] DatacenterDynamics 기사 2건 수집
[4/7] DatacenterDynamics 요약 생성 중...
[5/7] 데이터베이스 저장 중...
[6/7] 이메일 전송 중...
[메일] 전송 완료 → woairi@gmail.com
[7/7] 텔레그램 전송 중...
[텔레그램] 전송 완료: 200
[1/7] AI 뉴스 수집 중... (키워드: SAF OR (Methanol AND Ship))
[2/7] AI 요약 생성 중...
[3/7] DatacenterDynamics 기사 수집 중...
[정보] DatacenterDynamics 기사 0건 수집
[4/7] DatacenterDynamics 요약 생성 중...
[5/7] 데이터베이스 저장 중...
[6/7] 이메일 전송 중...
[메일] 전송 완료 → woairi@gmail.com
[7/7] 텔레그램 전송 중...
[텔레그램] 전송 완료: 200
[1/7] AI 뉴스 수집 중... (키워드: SAF OR (Methanol AND Ship))
[2/7] AI 요약 생성 중...
[3/7] DatacenterDynamics 기사 수집 중...
[정보] DatacenterDynamics 기사 0건 수집
[4/7] DatacenterDynamics 요약 생성 중...
[5/7] 데이터베이스 저장 중...
[6/7] 이메일 전송 중...
[메일] 전송 완료 → woairi@gmail.com
[7/7] 텔레그램 전송 중...
[텔레그램] 전송 완료: 200
[1/7] AI 뉴스 수집 중... (키워드: SAF OR (Methanol AND Ship))
[2/7] AI 요약 생성 중...
[3/7] DatacenterDynamics 기사 수집 중...
[정보] DatacenterDynamics 기사 0건 수집
[4/7] DatacenterDynamics 요약 생성 중...
[5/7] 데이터베이스 저장 중...
[6/7] 이메일 전송 중...
[메일] 전송 완료 → woairi@gmail.com
[7/7] 텔레그램 전송 중...
[텔레그램] 전송 완료: 200
[1/7] AI 뉴스 수집 중... (키워드: SAF OR (Methanol AND Ship))
[2/7] AI 요약 생성 중...
[3/7] DatacenterDynamics 기사 수집 중...
[정보] DatacenterDynamics 기사 3건 수집
[4/7] DatacenterDynamics 요약 생성 중...
[5/7] 데이터베이스 저장 중...
[6/7] 이메일 전송 중...
[메일] 전송 완료 → woairi@gmail.com
[7/7] 텔레그램 전송 중...
[텔레그램] 전송 완료: 200
[1/7] AI 뉴스 수집 중... (키워드: SAF OR (Methanol AND Ship))
[2/7] AI 요약 생성 중...
[3/7] DatacenterDynamics 기사 수집 중...
[정보] DatacenterDynamics 기사 0건 수집
[4/7] DatacenterDynamics 요약 생성 중...
[5/7] 데이터베이스 저장 중...
[6/7] 이메일 전송 중...
[메일] 전송 완료 → woairi@gmail.com
[7/7] 텔레그램 전송 중...
[텔레그램] 전송 완료: 200
[1/7] AI 뉴스 수집 중... (키워드: SAF OR (Methanol AND Ship))
[2/7] AI 요약 생성 중...
[3/7] DatacenterDynamics 기사 수집 중...
[정보] DatacenterDynamics 기사 0건 수집
[4/7] DatacenterDynamics 요약 생성 중...
[5/7] 데이터베이스 저장 중...
[6/7] 이메일 전송 중...
[메일] 전송 완료 → woairi@gmail.com
[7/7] 텔레그램 전송 중...
[텔레그램] 전송 완료: 200
[1/7] AI 뉴스 수집 중... (키워드: SAF OR (Methanol AND Ship))
[2/7] AI 요약 생성 중...
[3/7] DatacenterDynamics 기사 수집 중...
[정보] DatacenterDynamics 기사 0건 수집
[4/7] DatacenterDynamics 요약 생성 중...
[5/7] 데이터베이스 저장 중...
[6/7] 이메일 전송 중...
[메일] 전송 완료 → woairi@gmail.com
[7/7] 텔레그램 전송 중...
[텔레그램] 전송 완료: 200
[1/7] AI 뉴스 수집 중... (키워드: SAF OR (Methanol AND Ship))
[2/7] AI 요약 생성 중...
[3/7] DatacenterDynamics 기사 수집 중...
[정보] DatacenterDynamics 기사 15건 수집
[4/7] DatacenterDynamics 요약 생성 중...
[5/7] 데이터베이스 저장 중...
[6/7] 이메일 전송 중...
[메일] 전송 완료 → woairi@gmail.com
[7/7] 텔레그램 전송 중...
[텔레그램] 전송 완료: 200
[1/7] AI 뉴스 수집 중... (키워드: SAF OR (Methanol AND Ship))
[2/7] AI 요약 생성 중...
[3/7] DatacenterDynamics 기사 수집 중...
[정보] DatacenterDynamics 기사 0건 수집
[4/7] DatacenterDynamics 요약 생성 중...
[5/7] 데이터베이스 저장 중...
[6/7] 이메일 전송 중...
[메일] 전송 완료 → woairi@gmail.com
[7/7] 텔레그램 전송 중...
[텔레그램] 전송 완료: 200
